<html>
<body>
<pre>
<h1>µVision Build Log</h1>
<h2>Tool Versions:</h2>
IDE-Version: µVision V5.37.0.0
Copyright (C) 2022 ARM Ltd and ARM Germany GmbH. All rights reserved.
License Information: Ahmed Elwakil, Freelance, LIC=----
 
Tool Versions:
Toolchain:       MDK-Lite  Version: 5.37.0.0
Toolchain Path:  C:\Keil_v5\ARM\ARMCLANG\Bin
C Compiler:      ArmClang.exe V6.18
Assembler:       Armasm.exe V6.18
Linker/Locator:  ArmLink.exe V6.18
Library Manager: ArmAr.exe V6.18
Hex Converter:   FromElf.exe V6.18
CPU DLL:         SARMCM3.DLL V5.37.0.0
Dialog DLL:      DCM.DLL V1.17.5.0
Target DLL:      lmidk-agdi.dll V???
Dialog DLL:      TCM.DLL V1.56.1.0
 
<h2>Project:</h2>
E:\MBA\udacity\__WorkSpace\FWDProjectNo1\FWDProjectNo1.uvprojx
Project File Date:  10/26/2022

<h2>Output:</h2>
*** Using Compiler 'V6.18', folder: 'C:\Keil_v5\ARM\ARMCLANG\Bin'
Rebuild target 'COTS'
compiling Dio_PBcfg.c...
compiling Gpt.c...
compiling Led.c...
../CTOS/MCAL/DIO/Dio.c(8): warning: assigning to 'volatile Dio_ConfigChannel *' from 'const volatile Dio_ConfigChannel[3]' discards qualifiers [-Wincompatible-pointer-types-discards-qualifiers]
                Dio_PortChannels = ConfigPtr->Channels; /* address of the first Channels structure --> Channels[0] */   
                                 ^ ~~~~~~~~~~~~~~~~~~~
1 warning generated.
compiling Dio.c...
compiling Button.c...
../CTOS/MCAL/Interrupt/interrupt.c(295): warning: unused parameter 'ui32PriorityMask' [-Wunused-parameter]
void IntPriorityMaskSet(uint32 ui32PriorityMask)
                               ^
1 warning generated.
compiling interrupt.c...
compiling Port.c...
compiling main.c...
compiling system_TM4C123.c...
assembling startup_TM4C123.s...
linking...
Program Size: Code=3822 RO-data=838 RW-data=8 ZI-data=1320  
".\Objects\FWDProjectNo1.axf" - 0 Error(s), 2 Warning(s).

<h2>Software Packages used:</h2>

Package Vendor: ARM
                http://www.keil.com/pack/ARM.CMSIS.5.9.0.pack
                ARM.CMSIS.5.9.0
                CMSIS (Common Microcontroller Software Interface Standard)
   * Component: CORE Version: 5.6.0

Package Vendor: Keil
                http://www.keil.com/pack/Keil.TM4C_DFP.1.1.0.pack
                Keil.TM4C_DFP.1.1.0
                Texas Instruments Tiva C Series Device Support and Examples
   * Component: Startup Version: 1.0.1

<h2>Collection of Component include folders:</h2>
  ./RTE/_COTS
  C:/Users/Ahmed/AppData/Local/Arm/Packs/ARM/CMSIS/5.9.0/CMSIS/Core/Include
  C:/Users/Ahmed/AppData/Local/Arm/Packs/Keil/TM4C_DFP/1.1.0/Device/Include/TM4C123

<h2>Collection of Component Files used:</h2>

   * Component: ARM::CMSIS:CORE:5.6.0

   * Component: Keil::Device:Startup:1.0.1
      Include file:  Device/Include/TM4C123/TM4C123.h
      Source file:   Device/Source/ARM/startup_TM4C123.s
      Source file:   Device/Source/system_TM4C123.c
Build Time Elapsed:  00:00:01
</pre>
</body>
</html>
